// Jest Snapshot v1, https://goo.gl/fbAQLP

exports[`Getaways page Renders the getaways page 1`] = `Promise {}`;
